../Core/Src/main.c:63:6:display7SEG	16	static
../Core/Src/main.c:159:6:updateClockBuffer	4	static
../Core/Src/main.c:166:6:update7SEG	16	static
../Core/Src/main.c:210:6:setTimer0	16	static
../Core/Src/main.c:215:6:timer_run	4	static
../Core/Src/main.c:229:5:main	8	static
../Core/Src/main.c:294:6:SystemClock_Config	72	static
../Core/Src/main.c:328:13:MX_TIM2_Init	32	static
../Core/Src/main.c:370:13:MX_GPIO_Init	32	static
../Core/Src/main.c:411:6:HAL_TIM_PeriodElapsedCallback	16	static
../Core/Src/main.c:429:6:Error_Handler	4	static,ignoring_inline_asm
