../Core/Src/main.c:62:6:setTimer0	16	static
../Core/Src/main.c:67:6:timer_run	4	static
../Core/Src/main.c:75:6:clearLEDMatrix	8	static
../Core/Src/main.c:86:6:displayLEDMatrix	16	static
../Core/Src/main.c:100:6:updateLEDMatrix	16	static
../Core/Src/main.c:147:6:shiftLeft	4	static
../Core/Src/main.c:164:5:main	16	static
../Core/Src/main.c:219:6:SystemClock_Config	72	static
../Core/Src/main.c:253:13:MX_TIM2_Init	32	static
../Core/Src/main.c:295:13:MX_GPIO_Init	32	static
../Core/Src/main.c:342:6:HAL_TIM_PeriodElapsedCallback	16	static
../Core/Src/main.c:351:6:Error_Handler	4	static,ignoring_inline_asm
