21:10:45 **** Incremental Build of configuration Debug for project Bai1 ****
make -j8 all 
arm-none-eabi-gcc "../Core/Src/main.c" -mcpu=cortex-m3 -std=gnu11 -g3 -DDEBUG -DUSE_HAL_DRIVER -DSTM32F103x6 -c -I../Core/Inc -I../Drivers/STM32F1xx_HAL_Driver/Inc/Legacy -I../Drivers/STM32F1xx_HAL_Driver/Inc -I../Drivers/CMSIS/Device/ST/STM32F1xx/Include -I../Drivers/CMSIS/Include -O0 -ffunction-sections -fdata-sections -Wall -fstack-usage -MMD -MP -MF"Core/Src/main.d" -MT"Core/Src/main.o" --specs=nano.specs -mfloat-abi=soft -mthumb -o "Core/Src/main.o"
arm-none-eabi-gcc -o "Bai1.elf" @"objects.list"   -mcpu=cortex-m3 -T"D:\Microcontroller\LAB\LAB2\Bai1\STM\Bai1\STM32F103C6UX_FLASH.ld" --specs=nosys.specs -Wl,-Map="Bai1.map" -Wl,--gc-sections -static --specs=nano.specs -mfloat-abi=soft -mthumb -Wl,--start-group -lc -lm -Wl,--end-group
Finished building target: Bai1.elf
 
arm-none-eabi-size   Bai1.elf 
arm-none-eabi-objdump -h -S  Bai1.elf  > "Bai1.list"
arm-none-eabi-objcopy  -O ihex  Bai1.elf  "Bai1.hex"
   text	   data	    bss	    dec	    hex	filename
   7744	     24	   1640	   9408	   24c0	Bai1.elf
Finished building: default.size.stdout
 
Finished building: Bai1.hex
 
Finished building: Bai1.list
 

21:10:46 Build Finished. 0 errors, 0 warnings. (took 749ms)

