15:11:14 **** Incremental Build of configuration Debug for project Bai10 ****
make -j8 all 
arm-none-eabi-gcc "../Core/Src/main.c" -mcpu=cortex-m3 -std=gnu11 -g3 -DDEBUG -DUSE_HAL_DRIVER -DSTM32F103x6 -c -I../Core/Inc -I../Drivers/STM32F1xx_HAL_Driver/Inc/Legacy -I../Drivers/STM32F1xx_HAL_Driver/Inc -I../Drivers/CMSIS/Device/ST/STM32F1xx/Include -I../Drivers/CMSIS/Include -O0 -ffunction-sections -fdata-sections -Wall -fstack-usage -MMD -MP -MF"Core/Src/main.d" -MT"Core/Src/main.o" --specs=nano.specs -mfloat-abi=soft -mthumb -o "Core/Src/main.o"
arm-none-eabi-gcc -o "Bai10.elf" @"objects.list"   -mcpu=cortex-m3 -T"D:\Microcontroller\LAB\LAB2\Bai10\STM\Bai10\STM32F103C6UX_FLASH.ld" --specs=nosys.specs -Wl,-Map="Bai10.map" -Wl,--gc-sections -static --specs=nano.specs -mfloat-abi=soft -mthumb -Wl,--start-group -lc -lm -Wl,--end-group
Finished building target: Bai10.elf
 
arm-none-eabi-size   Bai10.elf 
arm-none-eabi-objdump -h -S  Bai10.elf  > "Bai10.list"
arm-none-eabi-objcopy  -O ihex  Bai10.elf  "Bai10.hex"
   text	   data	    bss	    dec	    hex	filename
   7948	     32	   1648	   9628	   259c	Bai10.elf
Finished building: default.size.stdout
 
Finished building: Bai10.hex
 
Finished building: Bai10.list
 

15:11:14 Build Finished. 0 errors, 0 warnings. (took 712ms)

