14:37:17 **** Incremental Build of configuration Debug for project Bai2 ****
make -j16 all 
arm-none-eabi-gcc "../Core/Src/main.c" -mcpu=cortex-m3 -std=gnu11 -g3 -DDEBUG -DUSE_HAL_DRIVER -DSTM32F103x6 -c -I../Core/Inc -I../Drivers/STM32F1xx_HAL_Driver/Inc -I../Drivers/STM32F1xx_HAL_Driver/Inc/Legacy -I../Drivers/CMSIS/Device/ST/STM32F1xx/Include -I../Drivers/CMSIS/Include -O0 -ffunction-sections -fdata-sections -Wall -fstack-usage -MMD -MP -MF"Core/Src/main.d" -MT"Core/Src/main.o" --specs=nano.specs -mfloat-abi=soft -mthumb -o "Core/Src/main.o"
arm-none-eabi-gcc -o "Bai2.elf" @"objects.list"   -mcpu=cortex-m3 -T"D:\VXL VDK\LAB\Lab2\Bai2\STM\Bai2\STM32F103C6UX_FLASH.ld" --specs=nosys.specs -Wl,-Map="Bai2.map" -Wl,--gc-sections -static --specs=nano.specs -mfloat-abi=soft -mthumb -Wl,--start-group -lc -lm -Wl,--end-group
Finished building target: Bai2.elf
 
arm-none-eabi-size   Bai2.elf 
arm-none-eabi-objdump -h -S  Bai2.elf  > "Bai2.list"
arm-none-eabi-objcopy  -O ihex  Bai2.elf  "Bai2.hex"
   text	   data	    bss	    dec	    hex	filename
   7984	     24	   1640	   9648	   25b0	Bai2.elf
arm-none-eabi-objcopy  -O binary  Bai2.elf  "Bai2.bin"
Finished building: default.size.stdout
 
Finished building: Bai2.hex
Finished building: Bai2.bin
 
 
Finished building: Bai2.list
 

14:37:17 Build Finished. 0 errors, 0 warnings. (took 532ms)

