21:58:53 **** Incremental Build of configuration Debug for project Bai7 ****
make -j8 all 
arm-none-eabi-gcc "../Core/Src/main.c" -mcpu=cortex-m3 -std=gnu11 -g3 -DDEBUG -DUSE_HAL_DRIVER -DSTM32F103x6 -c -I../Core/Inc -I../Drivers/STM32F1xx_HAL_Driver/Inc/Legacy -I../Drivers/STM32F1xx_HAL_Driver/Inc -I../Drivers/CMSIS/Device/ST/STM32F1xx/Include -I../Drivers/CMSIS/Include -O0 -ffunction-sections -fdata-sections -Wall -fstack-usage -MMD -MP -MF"Core/Src/main.d" -MT"Core/Src/main.o" --specs=nano.specs -mfloat-abi=soft -mthumb -o "Core/Src/main.o"
arm-none-eabi-gcc -o "Bai7.elf" @"objects.list"   -mcpu=cortex-m3 -T"D:\Microcontroller\LAB\LAB2\Bai7\STM\Bai7\STM32F103C6UX_FLASH.ld" --specs=nosys.specs -Wl,-Map="Bai7.map" -Wl,--gc-sections -static --specs=nano.specs -mfloat-abi=soft -mthumb -Wl,--start-group -lc -lm -Wl,--end-group
Finished building target: Bai7.elf
 
arm-none-eabi-size   Bai7.elf 
arm-none-eabi-objdump -h -S  Bai7.elf  > "Bai7.list"
arm-none-eabi-objcopy  -O ihex  Bai7.elf  "Bai7.hex"
   text	   data	    bss	    dec	    hex	filename
   8392	     40	   1672	  10104	   2778	Bai7.elf
Finished building: default.size.stdout
 
Finished building: Bai7.hex
 
Finished building: Bai7.list
 
23:03:01 **** Incremental Build of configuration Debug for project Bai7 ****
make -j8 all 
arm-none-eabi-size   Bai7.elf 
   text	   data	    bss	    dec	    hex	filename
   8392	     40	   1672	  10104	   2778	Bai7.elf
Finished building: default.size.stdout
 
