21:16:30 **** Build of configuration Debug for project Bai2 ****
make -j8 all 
arm-none-eabi-gcc "../Drivers/STM32F1xx_HAL_Driver/Src/stm32f1xx_hal.c" -mcpu=cortex-m3 -std=gnu11 -g3 -DDEBUG -DUSE_HAL_DRIVER -DSTM32F103x6 -c -I../Core/Inc -I../Drivers/STM32F1xx_HAL_Driver/Inc/Legacy -I../Drivers/STM32F1xx_HAL_Driver/Inc -I../Drivers/CMSIS/Device/ST/STM32F1xx/Include -I../Drivers/CMSIS/Include -O0 -ffunction-sections -fdata-sections -Wall -fstack-usage -MMD -MP -MF"Drivers/STM32F1xx_HAL_Driver/Src/stm32f1xx_hal.d" -MT"Drivers/STM32F1xx_HAL_Driver/Src/stm32f1xx_hal.o" --specs=nano.specs -mfloat-abi=soft -mthumb -o "Drivers/STM32F1xx_HAL_Driver/Src/stm32f1xx_hal.o"
arm-none-eabi-gcc "../Drivers/STM32F1xx_HAL_Driver/Src/stm32f1xx_hal_cortex.c" -mcpu=cortex-m3 -std=gnu11 -g3 -DDEBUG -DUSE_HAL_DRIVER -DSTM32F103x6 -c -I../Core/Inc -I../Drivers/STM32F1xx_HAL_Driver/Inc/Legacy -I../Drivers/STM32F1xx_HAL_Driver/Inc -I../Drivers/CMSIS/Device/ST/STM32F1xx/Include -I../Drivers/CMSIS/Include -O0 -ffunction-sections -fdata-sections -Wall -fstack-usage -MMD -MP -MF"Drivers/STM32F1xx_HAL_Driver/Src/stm32f1xx_hal_cortex.d" -MT"Drivers/STM32F1xx_HAL_Driver/Src/stm32f1xx_hal_cortex.o" --specs=nano.specs -mfloat-abi=soft -mthumb -o "Drivers/STM32F1xx_HAL_Driver/Src/stm32f1xx_hal_cortex.o"
arm-none-eabi-gcc "../Drivers/STM32F1xx_HAL_Driver/Src/stm32f1xx_hal_dma.c" -mcpu=cortex-m3 -std=gnu11 -g3 -DDEBUG -DUSE_HAL_DRIVER -DSTM32F103x6 -c -I../Core/Inc -I../Drivers/STM32F1xx_HAL_Driver/Inc/Legacy -I../Drivers/STM32F1xx_HAL_Driver/Inc -I../Drivers/CMSIS/Device/ST/STM32F1xx/Include -I../Drivers/CMSIS/Include -O0 -ffunction-sections -fdata-sections -Wall -fstack-usage -MMD -MP -MF"Drivers/STM32F1xx_HAL_Driver/Src/stm32f1xx_hal_dma.d" -MT"Drivers/STM32F1xx_HAL_Driver/Src/stm32f1xx_hal_dma.o" --specs=nano.specs -mfloat-abi=soft -mthumb -o "Drivers/STM32F1xx_HAL_Driver/Src/stm32f1xx_hal_dma.o"
arm-none-eabi-gcc "../Drivers/STM32F1xx_HAL_Driver/Src/stm32f1xx_hal_exti.c" -mcpu=cortex-m3 -std=gnu11 -g3 -DDEBUG -DUSE_HAL_DRIVER -DSTM32F103x6 -c -I../Core/Inc -I../Drivers/STM32F1xx_HAL_Driver/Inc/Legacy -I../Drivers/STM32F1xx_HAL_Driver/Inc -I../Drivers/CMSIS/Device/ST/STM32F1xx/Include -I../Drivers/CMSIS/Include -O0 -ffunction-sections -fdata-sections -Wall -fstack-usage -MMD -MP -MF"Drivers/STM32F1xx_HAL_Driver/Src/stm32f1xx_hal_exti.d" -MT"Drivers/STM32F1xx_HAL_Driver/Src/stm32f1xx_hal_exti.o" --specs=nano.specs -mfloat-abi=soft -mthumb -o "Drivers/STM32F1xx_HAL_Driver/Src/stm32f1xx_hal_exti.o"
arm-none-eabi-gcc "../Drivers/STM32F1xx_HAL_Driver/Src/stm32f1xx_hal_flash.c" -mcpu=cortex-m3 -std=gnu11 -g3 -DDEBUG -DUSE_HAL_DRIVER -DSTM32F103x6 -c -I../Core/Inc -I../Drivers/STM32F1xx_HAL_Driver/Inc/Legacy -I../Drivers/STM32F1xx_HAL_Driver/Inc -I../Drivers/CMSIS/Device/ST/STM32F1xx/Include -I../Drivers/CMSIS/Include -O0 -ffunction-sections -fdata-sections -Wall -fstack-usage -MMD -MP -MF"Drivers/STM32F1xx_HAL_Driver/Src/stm32f1xx_hal_flash.d" -MT"Drivers/STM32F1xx_HAL_Driver/Src/stm32f1xx_hal_flash.o" --specs=nano.specs -mfloat-abi=soft -mthumb -o "Drivers/STM32F1xx_HAL_Driver/Src/stm32f1xx_hal_flash.o"
arm-none-eabi-gcc "../Drivers/STM32F1xx_HAL_Driver/Src/stm32f1xx_hal_flash_ex.c" -mcpu=cortex-m3 -std=gnu11 -g3 -DDEBUG -DUSE_HAL_DRIVER -DSTM32F103x6 -c -I../Core/Inc -I../Drivers/STM32F1xx_HAL_Driver/Inc/Legacy -I../Drivers/STM32F1xx_HAL_Driver/Inc -I../Drivers/CMSIS/Device/ST/STM32F1xx/Include -I../Drivers/CMSIS/Include -O0 -ffunction-sections -fdata-sections -Wall -fstack-usage -MMD -MP -MF"Drivers/STM32F1xx_HAL_Driver/Src/stm32f1xx_hal_flash_ex.d" -MT"Drivers/STM32F1xx_HAL_Driver/Src/stm32f1xx_hal_flash_ex.o" --specs=nano.specs -mfloat-abi=soft -mthumb -o "Drivers/STM32F1xx_HAL_Driver/Src/stm32f1xx_hal_flash_ex.o"
arm-none-eabi-gcc "../Drivers/STM32F1xx_HAL_Driver/Src/stm32f1xx_hal_gpio.c" -mcpu=cortex-m3 -std=gnu11 -g3 -DDEBUG -DUSE_HAL_DRIVER -DSTM32F103x6 -c -I../Core/Inc -I../Drivers/STM32F1xx_HAL_Driver/Inc/Legacy -I../Drivers/STM32F1xx_HAL_Driver/Inc -I../Drivers/CMSIS/Device/ST/STM32F1xx/Include -I../Drivers/CMSIS/Include -O0 -ffunction-sections -fdata-sections -Wall -fstack-usage -MMD -MP -MF"Drivers/STM32F1xx_HAL_Driver/Src/stm32f1xx_hal_gpio.d" -MT"Drivers/STM32F1xx_HAL_Driver/Src/stm32f1xx_hal_gpio.o" --specs=nano.specs -mfloat-abi=soft -mthumb -o "Drivers/STM32F1xx_HAL_Driver/Src/stm32f1xx_hal_gpio.o"
arm-none-eabi-gcc "../Drivers/STM32F1xx_HAL_Driver/Src/stm32f1xx_hal_gpio_ex.c" -mcpu=cortex-m3 -std=gnu11 -g3 -DDEBUG -DUSE_HAL_DRIVER -DSTM32F103x6 -c -I../Core/Inc -I../Drivers/STM32F1xx_HAL_Driver/Inc/Legacy -I../Drivers/STM32F1xx_HAL_Driver/Inc -I../Drivers/CMSIS/Device/ST/STM32F1xx/Include -I../Drivers/CMSIS/Include -O0 -ffunction-sections -fdata-sections -Wall -fstack-usage -MMD -MP -MF"Drivers/STM32F1xx_HAL_Driver/Src/stm32f1xx_hal_gpio_ex.d" -MT"Drivers/STM32F1xx_HAL_Driver/Src/stm32f1xx_hal_gpio_ex.o" --specs=nano.specs -mfloat-abi=soft -mthumb -o "Drivers/STM32F1xx_HAL_Driver/Src/stm32f1xx_hal_gpio_ex.o"
arm-none-eabi-gcc "../Drivers/STM32F1xx_HAL_Driver/Src/stm32f1xx_hal_pwr.c" -mcpu=cortex-m3 -std=gnu11 -g3 -DDEBUG -DUSE_HAL_DRIVER -DSTM32F103x6 -c -I../Core/Inc -I../Drivers/STM32F1xx_HAL_Driver/Inc/Legacy -I../Drivers/STM32F1xx_HAL_Driver/Inc -I../Drivers/CMSIS/Device/ST/STM32F1xx/Include -I../Drivers/CMSIS/Include -O0 -ffunction-sections -fdata-sections -Wall -fstack-usage -MMD -MP -MF"Drivers/STM32F1xx_HAL_Driver/Src/stm32f1xx_hal_pwr.d" -MT"Drivers/STM32F1xx_HAL_Driver/Src/stm32f1xx_hal_pwr.o" --specs=nano.specs -mfloat-abi=soft -mthumb -o "Drivers/STM32F1xx_HAL_Driver/Src/stm32f1xx_hal_pwr.o"
arm-none-eabi-gcc "../Drivers/STM32F1xx_HAL_Driver/Src/stm32f1xx_hal_rcc.c" -mcpu=cortex-m3 -std=gnu11 -g3 -DDEBUG -DUSE_HAL_DRIVER -DSTM32F103x6 -c -I../Core/Inc -I../Drivers/STM32F1xx_HAL_Driver/Inc/Legacy -I../Drivers/STM32F1xx_HAL_Driver/Inc -I../Drivers/CMSIS/Device/ST/STM32F1xx/Include -I../Drivers/CMSIS/Include -O0 -ffunction-sections -fdata-sections -Wall -fstack-usage -MMD -MP -MF"Drivers/STM32F1xx_HAL_Driver/Src/stm32f1xx_hal_rcc.d" -MT"Drivers/STM32F1xx_HAL_Driver/Src/stm32f1xx_hal_rcc.o" --specs=nano.specs -mfloat-abi=soft -mthumb -o "Drivers/STM32F1xx_HAL_Driver/Src/stm32f1xx_hal_rcc.o"
arm-none-eabi-gcc "../Drivers/STM32F1xx_HAL_Driver/Src/stm32f1xx_hal_rcc_ex.c" -mcpu=cortex-m3 -std=gnu11 -g3 -DDEBUG -DUSE_HAL_DRIVER -DSTM32F103x6 -c -I../Core/Inc -I../Drivers/STM32F1xx_HAL_Driver/Inc/Legacy -I../Drivers/STM32F1xx_HAL_Driver/Inc -I../Drivers/CMSIS/Device/ST/STM32F1xx/Include -I../Drivers/CMSIS/Include -O0 -ffunction-sections -fdata-sections -Wall -fstack-usage -MMD -MP -MF"Drivers/STM32F1xx_HAL_Driver/Src/stm32f1xx_hal_rcc_ex.d" -MT"Drivers/STM32F1xx_HAL_Driver/Src/stm32f1xx_hal_rcc_ex.o" --specs=nano.specs -mfloat-abi=soft -mthumb -o "Drivers/STM32F1xx_HAL_Driver/Src/stm32f1xx_hal_rcc_ex.o"
arm-none-eabi-gcc -mcpu=cortex-m3 -g3 -DDEBUG -c -x assembler-with-cpp -MMD -MP -MF"Core/Startup/startup_stm32f103c6ux.d" -MT"Core/Startup/startup_stm32f103c6ux.o" --specs=nano.specs -mfloat-abi=soft -mthumb -o "Core/Startup/startup_stm32f103c6ux.o" "../Core/Startup/startup_stm32f103c6ux.s"
arm-none-eabi-gcc "../Core/Src/main.c" -mcpu=cortex-m3 -std=gnu11 -g3 -DDEBUG -DUSE_HAL_DRIVER -DSTM32F103x6 -c -I../Core/Inc -I../Drivers/STM32F1xx_HAL_Driver/Inc/Legacy -I../Drivers/STM32F1xx_HAL_Driver/Inc -I../Drivers/CMSIS/Device/ST/STM32F1xx/Include -I../Drivers/CMSIS/Include -O0 -ffunction-sections -fdata-sections -Wall -fstack-usage -MMD -MP -MF"Core/Src/main.d" -MT"Core/Src/main.o" --specs=nano.specs -mfloat-abi=soft -mthumb -o "Core/Src/main.o"
arm-none-eabi-gcc "../Core/Src/stm32f1xx_hal_msp.c" -mcpu=cortex-m3 -std=gnu11 -g3 -DDEBUG -DUSE_HAL_DRIVER -DSTM32F103x6 -c -I../Core/Inc -I../Drivers/STM32F1xx_HAL_Driver/Inc/Legacy -I../Drivers/STM32F1xx_HAL_Driver/Inc -I../Drivers/CMSIS/Device/ST/STM32F1xx/Include -I../Drivers/CMSIS/Include -O0 -ffunction-sections -fdata-sections -Wall -fstack-usage -MMD -MP -MF"Core/Src/stm32f1xx_hal_msp.d" -MT"Core/Src/stm32f1xx_hal_msp.o" --specs=nano.specs -mfloat-abi=soft -mthumb -o "Core/Src/stm32f1xx_hal_msp.o"
arm-none-eabi-gcc "../Core/Src/stm32f1xx_it.c" -mcpu=cortex-m3 -std=gnu11 -g3 -DDEBUG -DUSE_HAL_DRIVER -DSTM32F103x6 -c -I../Core/Inc -I../Drivers/STM32F1xx_HAL_Driver/Inc/Legacy -I../Drivers/STM32F1xx_HAL_Driver/Inc -I../Drivers/CMSIS/Device/ST/STM32F1xx/Include -I../Drivers/CMSIS/Include -O0 -ffunction-sections -fdata-sections -Wall -fstack-usage -MMD -MP -MF"Core/Src/stm32f1xx_it.d" -MT"Core/Src/stm32f1xx_it.o" --specs=nano.specs -mfloat-abi=soft -mthumb -o "Core/Src/stm32f1xx_it.o"
arm-none-eabi-gcc "../Core/Src/syscalls.c" -mcpu=cortex-m3 -std=gnu11 -g3 -DDEBUG -DUSE_HAL_DRIVER -DSTM32F103x6 -c -I../Core/Inc -I../Drivers/STM32F1xx_HAL_Driver/Inc/Legacy -I../Drivers/STM32F1xx_HAL_Driver/Inc -I../Drivers/CMSIS/Device/ST/STM32F1xx/Include -I../Drivers/CMSIS/Include -O0 -ffunction-sections -fdata-sections -Wall -fstack-usage -MMD -MP -MF"Core/Src/syscalls.d" -MT"Core/Src/syscalls.o" --specs=nano.specs -mfloat-abi=soft -mthumb -o "Core/Src/syscalls.o"
../Core/Src/main.c:43:1: error: unknown type name 'TIM_HandleTypeDef'; did you mean 'DMA_HandleTypeDef'?
   43 | TIM_HandleTypeDef htim2;
      | ^~~~~~~~~~~~~~~~~
      | DMA_HandleTypeDef
../Core/Src/main.c: In function 'display7SEG':
../Core/Src/main.c:62:21: error: 'SEG0_GPIO_Port' undeclared (first use in this function)
   62 |   HAL_GPIO_WritePin(SEG0_GPIO_Port, SEG0_Pin, RESET);
      |                     ^~~~~~~~~~~~~~
../Core/Src/main.c:62:21: note: each undeclared identifier is reported only once for each function it appears in
../Core/Src/main.c:62:37: error: 'SEG0_Pin' undeclared (first use in this function)
   62 |   HAL_GPIO_WritePin(SEG0_GPIO_Port, SEG0_Pin, RESET);
      |                                     ^~~~~~~~
../Core/Src/main.c:63:21: error: 'SEG1_GPIO_Port' undeclared (first use in this function)
   63 |   HAL_GPIO_WritePin(SEG1_GPIO_Port, SEG1_Pin, RESET);
      |                     ^~~~~~~~~~~~~~
../Core/Src/main.c:63:37: error: 'SEG1_Pin' undeclared (first use in this function)
   63 |   HAL_GPIO_WritePin(SEG1_GPIO_Port, SEG1_Pin, RESET);
      |                                     ^~~~~~~~
../Core/Src/main.c:64:21: error: 'SEG2_GPIO_Port' undeclared (first use in this function)
   64 |   HAL_GPIO_WritePin(SEG2_GPIO_Port, SEG2_Pin, RESET);
      |                     ^~~~~~~~~~~~~~
../Core/Src/main.c:64:37: error: 'SEG2_Pin' undeclared (first use in this function)
   64 |   HAL_GPIO_WritePin(SEG2_GPIO_Port, SEG2_Pin, RESET);
      |                                     ^~~~~~~~
../Core/Src/main.c:65:21: error: 'SEG3_GPIO_Port' undeclared (first use in this function)
   65 |   HAL_GPIO_WritePin(SEG3_GPIO_Port, SEG3_Pin, RESET);
      |                     ^~~~~~~~~~~~~~
../Core/Src/main.c:65:37: error: 'SEG3_Pin' undeclared (first use in this function)
   65 |   HAL_GPIO_WritePin(SEG3_GPIO_Port, SEG3_Pin, RESET);
      |                                     ^~~~~~~~
arm-none-eabi-gcc "../Core/Src/sysmem.c" -mcpu=cortex-m3 -std=gnu11 -g3 -DDEBUG -DUSE_HAL_DRIVER -DSTM32F103x6 -c -I../Core/Inc -I../Drivers/STM32F1xx_HAL_Driver/Inc/Legacy -I../Drivers/STM32F1xx_HAL_Driver/Inc -I../Drivers/CMSIS/Device/ST/STM32F1xx/Include -I../Drivers/CMSIS/Include -O0 -ffunction-sections -fdata-sections -Wall -fstack-usage -MMD -MP -MF"Core/Src/sysmem.d" -MT"Core/Src/sysmem.o" --specs=nano.specs -mfloat-abi=soft -mthumb -o "Core/Src/sysmem.o"
../Core/Src/main.c:66:21: error: 'SEG4_GPIO_Port' undeclared (first use in this function)
   66 |   HAL_GPIO_WritePin(SEG4_GPIO_Port, SEG4_Pin, RESET);
      |                     ^~~~~~~~~~~~~~
../Core/Src/main.c:66:37: error: 'SEG4_Pin' undeclared (first use in this function)
   66 |   HAL_GPIO_WritePin(SEG4_GPIO_Port, SEG4_Pin, RESET);
      |                                     ^~~~~~~~
../Core/Src/main.c:67:21: error: 'SEG5_GPIO_Port' undeclared (first use in this function)
   67 |   HAL_GPIO_WritePin(SEG5_GPIO_Port, SEG5_Pin, RESET);
      |                     ^~~~~~~~~~~~~~
../Core/Src/main.c:67:37: error: 'SEG5_Pin' undeclared (first use in this function)
   67 |   HAL_GPIO_WritePin(SEG5_GPIO_Port, SEG5_Pin, RESET);
      |                                     ^~~~~~~~
../Core/Src/main.c:68:21: error: 'SEG6_GPIO_Port' undeclared (first use in this function)
   68 |   HAL_GPIO_WritePin(SEG6_GPIO_Port, SEG6_Pin, SET);
      |                     ^~~~~~~~~~~~~~
../Core/Src/main.c:68:37: error: 'SEG6_Pin' undeclared (first use in this function)
   68 |   HAL_GPIO_WritePin(SEG6_GPIO_Port, SEG6_Pin, SET);
      |                                     ^~~~~~~~
../Core/Src/main.c: In function 'main':
../Core/Src/main.c:184:3: warning: implicit declaration of function 'HAL_TIM_Base_Start_IT'; did you mean 'HAL_DMA_Start_IT'? [-Wimplicit-function-declaration]
  184 |   HAL_TIM_Base_Start_IT(& htim2);
      |   ^~~~~~~~~~~~~~~~~~~~~
      |   HAL_DMA_Start_IT
../Core/Src/main.c: In function 'MX_TIM2_Init':
../Core/Src/main.c:244:3: error: unknown type name 'TIM_ClockConfigTypeDef'; did you mean 'EXTI_ConfigTypeDef'?
  244 |   TIM_ClockConfigTypeDef sClockSourceConfig = {0};
      |   ^~~~~~~~~~~~~~~~~~~~~~
      |   EXTI_ConfigTypeDef
../Core/Src/main.c:245:3: error: unknown type name 'TIM_MasterConfigTypeDef'
  245 |   TIM_MasterConfigTypeDef sMasterConfig = {0};
      |   ^~~~~~~~~~~~~~~~~~~~~~~
../Core/Src/main.c:250:8: error: request for member 'Instance' in something not a structure or union
  250 |   htim2.Instance = TIM2;
      |        ^
../Core/Src/main.c:251:8: error: request for member 'Init' in something not a structure or union
  251 |   htim2.Init.Prescaler = 7999;
      |        ^
../Core/Src/main.c:252:8: error: request for member 'Init' in something not a structure or union
  252 |   htim2.Init.CounterMode = TIM_COUNTERMODE_UP;
      |        ^
../Core/Src/main.c:252:28: error: 'TIM_COUNTERMODE_UP' undeclared (first use in this function)
  252 |   htim2.Init.CounterMode = TIM_COUNTERMODE_UP;
      |                            ^~~~~~~~~~~~~~~~~~
../Core/Src/main.c:253:8: error: request for member 'Init' in something not a structure or union
  253 |   htim2.Init.Period = 9;
      |        ^
../Core/Src/main.c:254:8: error: request for member 'Init' in something not a structure or union
  254 |   htim2.Init.ClockDivision = TIM_CLOCKDIVISION_DIV1;
      |        ^
arm-none-eabi-gcc "../Core/Src/system_stm32f1xx.c" -mcpu=cortex-m3 -std=gnu11 -g3 -DDEBUG -DUSE_HAL_DRIVER -DSTM32F103x6 -c -I../Core/Inc -I../Drivers/STM32F1xx_HAL_Driver/Inc/Legacy -I../Drivers/STM32F1xx_HAL_Driver/Inc -I../Drivers/CMSIS/Device/ST/STM32F1xx/Include -I../Drivers/CMSIS/Include -O0 -ffunction-sections -fdata-sections -Wall -fstack-usage -MMD -MP -MF"Core/Src/system_stm32f1xx.d" -MT"Core/Src/system_stm32f1xx.o" --specs=nano.specs -mfloat-abi=soft -mthumb -o "Core/Src/system_stm32f1xx.o"
../Core/Src/main.c:254:30: error: 'TIM_CLOCKDIVISION_DIV1' undeclared (first use in this function)
  254 |   htim2.Init.ClockDivision = TIM_CLOCKDIVISION_DIV1;
      |                              ^~~~~~~~~~~~~~~~~~~~~~
../Core/Src/main.c:255:8: error: request for member 'Init' in something not a structure or union
  255 |   htim2.Init.AutoReloadPreload = TIM_AUTORELOAD_PRELOAD_DISABLE;
      |        ^
../Core/Src/main.c:255:34: error: 'TIM_AUTORELOAD_PRELOAD_DISABLE' undeclared (first use in this function)
  255 |   htim2.Init.AutoReloadPreload = TIM_AUTORELOAD_PRELOAD_DISABLE;
      |                                  ^~~~~~~~~~~~~~~~~~~~~~~~~~~~~~
../Core/Src/main.c:256:7: warning: implicit declaration of function 'HAL_TIM_Base_Init' [-Wimplicit-function-declaration]
  256 |   if (HAL_TIM_Base_Init(&htim2) != HAL_OK)
      |       ^~~~~~~~~~~~~~~~~
../Core/Src/main.c:260:21: error: request for member 'ClockSource' in something not a structure or union
  260 |   sClockSourceConfig.ClockSource = TIM_CLOCKSOURCE_INTERNAL;
      |                     ^
../Core/Src/main.c:260:36: error: 'TIM_CLOCKSOURCE_INTERNAL' undeclared (first use in this function)
  260 |   sClockSourceConfig.ClockSource = TIM_CLOCKSOURCE_INTERNAL;
      |                                    ^~~~~~~~~~~~~~~~~~~~~~~~
../Core/Src/main.c:261:7: warning: implicit declaration of function 'HAL_TIM_ConfigClockSource' [-Wimplicit-function-declaration]
  261 |   if (HAL_TIM_ConfigClockSource(&htim2, &sClockSourceConfig) != HAL_OK)
      |       ^~~~~~~~~~~~~~~~~~~~~~~~~
../Core/Src/main.c:265:16: error: request for member 'MasterOutputTrigger' in something not a structure or union
  265 |   sMasterConfig.MasterOutputTrigger = TIM_TRGO_RESET;
      |                ^
../Core/Src/main.c:265:39: error: 'TIM_TRGO_RESET' undeclared (first use in this function)
  265 |   sMasterConfig.MasterOutputTrigger = TIM_TRGO_RESET;
      |                                       ^~~~~~~~~~~~~~
../Core/Src/main.c:266:16: error: request for member 'MasterSlaveMode' in something not a structure or union
  266 |   sMasterConfig.MasterSlaveMode = TIM_MASTERSLAVEMODE_DISABLE;
      |                ^
../Core/Src/main.c:266:35: error: 'TIM_MASTERSLAVEMODE_DISABLE' undeclared (first use in this function)
  266 |   sMasterConfig.MasterSlaveMode = TIM_MASTERSLAVEMODE_DISABLE;
      |                                   ^~~~~~~~~~~~~~~~~~~~~~~~~~~
../Core/Src/main.c:267:7: warning: implicit declaration of function 'HAL_TIMEx_MasterConfigSynchronization'; did you mean 'HAL_TIM_SlaveConfigSynchronization'? [-Wimplicit-function-declaration]
  267 |   if (HAL_TIMEx_MasterConfigSynchronization(&htim2, &sMasterConfig) != HAL_OK)
      |       ^~~~~~~~~~~~~~~~~~~~~~~~~~~~~~~~~~~~~
      |       HAL_TIM_SlaveConfigSynchronization
../Core/Src/main.c: In function 'MX_GPIO_Init':
../Core/Src/main.c:291:28: error: 'DOT_Pin' undeclared (first use in this function)
  291 |   HAL_GPIO_WritePin(GPIOA, DOT_Pin|LED_RED_Pin|EN0_Pin|EN1_Pin
      |                            ^~~~~~~
../Core/Src/main.c:291:36: error: 'LED_RED_Pin' undeclared (first use in this function)
  291 |   HAL_GPIO_WritePin(GPIOA, DOT_Pin|LED_RED_Pin|EN0_Pin|EN1_Pin
      |                                    ^~~~~~~~~~~
../Core/Src/main.c:291:48: error: 'EN0_Pin' undeclared (first use in this function)
  291 |   HAL_GPIO_WritePin(GPIOA, DOT_Pin|LED_RED_Pin|EN0_Pin|EN1_Pin
      |                                                ^~~~~~~
../Core/Src/main.c:291:56: error: 'EN1_Pin' undeclared (first use in this function)
  291 |   HAL_GPIO_WritePin(GPIOA, DOT_Pin|LED_RED_Pin|EN0_Pin|EN1_Pin
      |                                                        ^~~~~~~
../Core/Src/main.c:292:28: error: 'EN2_Pin' undeclared (first use in this function)
  292 |                           |EN2_Pin|EN3_Pin, GPIO_PIN_RESET);
      |                            ^~~~~~~
../Core/Src/main.c:292:36: error: 'EN3_Pin' undeclared (first use in this function)
  292 |                           |EN2_Pin|EN3_Pin, GPIO_PIN_RESET);
      |                                    ^~~~~~~
../Core/Src/main.c:295:28: error: 'SEG0_Pin' undeclared (first use in this function)
  295 |   HAL_GPIO_WritePin(GPIOB, SEG0_Pin|SEG1_Pin|SEG2_Pin|SEG3_Pin
      |                            ^~~~~~~~
../Core/Src/main.c:295:37: error: 'SEG1_Pin' undeclared (first use in this function)
  295 |   HAL_GPIO_WritePin(GPIOB, SEG0_Pin|SEG1_Pin|SEG2_Pin|SEG3_Pin
      |                                     ^~~~~~~~
../Core/Src/main.c:295:46: error: 'SEG2_Pin' undeclared (first use in this function)
  295 |   HAL_GPIO_WritePin(GPIOB, SEG0_Pin|SEG1_Pin|SEG2_Pin|SEG3_Pin
      |                                              ^~~~~~~~
../Core/Src/main.c:295:55: error: 'SEG3_Pin' undeclared (first use in this function)
  295 |   HAL_GPIO_WritePin(GPIOB, SEG0_Pin|SEG1_Pin|SEG2_Pin|SEG3_Pin
      |                                                       ^~~~~~~~
../Core/Src/main.c:296:28: error: 'SEG4_Pin' undeclared (first use in this function)
  296 |                           |SEG4_Pin|SEG5_Pin|SEG6_Pin, GPIO_PIN_RESET);
      |                            ^~~~~~~~
../Core/Src/main.c:296:37: error: 'SEG5_Pin' undeclared (first use in this function)
  296 |                           |SEG4_Pin|SEG5_Pin|SEG6_Pin, GPIO_PIN_RESET);
      |                                     ^~~~~~~~
../Core/Src/main.c:296:46: error: 'SEG6_Pin' undeclared (first use in this function)
  296 |                           |SEG4_Pin|SEG5_Pin|SEG6_Pin, GPIO_PIN_RESET);
      |                                              ^~~~~~~~
../Core/Src/main.c: At top level:
../Core/Src/main.c:320:36: error: unknown type name 'TIM_HandleTypeDef'; did you mean 'DMA_HandleTypeDef'?
  320 | void HAL_TIM_PeriodElapsedCallback(TIM_HandleTypeDef *htim) {
      |                                    ^~~~~~~~~~~~~~~~~
      |                                    DMA_HandleTypeDef
make: *** [Core/Src/subdir.mk:34: Core/Src/main.o] Error 1
make: *** Waiting for unfinished jobs....
"make -j8 all" terminated with exit code 2. Build might be incomplete.
21:17:16 **** Incremental Build of configuration Debug for project Bai2 ****
make -j8 all 
arm-none-eabi-gcc "../Core/Src/main.c" -mcpu=cortex-m3 -std=gnu11 -g3 -DDEBUG -DUSE_HAL_DRIVER -DSTM32F103x6 -c -I../Core/Inc -I../Drivers/STM32F1xx_HAL_Driver/Inc/Legacy -I../Drivers/STM32F1xx_HAL_Driver/Inc -I../Drivers/CMSIS/Device/ST/STM32F1xx/Include -I../Drivers/CMSIS/Include -O0 -ffunction-sections -fdata-sections -Wall -fstack-usage -MMD -MP -MF"Core/Src/main.d" -MT"Core/Src/main.o" --specs=nano.specs -mfloat-abi=soft -mthumb -o "Core/Src/main.o"
../Core/Src/main.c:43:1: error: unknown type name 'TIM_HandleTypeDef'; did you mean 'DMA_HandleTypeDef'?
   43 | TIM_HandleTypeDef htim2;
      | ^~~~~~~~~~~~~~~~~
      | DMA_HandleTypeDef
../Core/Src/main.c: In function 'display7SEG':
../Core/Src/main.c:62:21: error: 'SEG0_GPIO_Port' undeclared (first use in this function)
   62 |   HAL_GPIO_WritePin(SEG0_GPIO_Port, SEG0_Pin, RESET);
      |                     ^~~~~~~~~~~~~~
../Core/Src/main.c:62:21: note: each undeclared identifier is reported only once for each function it appears in
../Core/Src/main.c:62:37: error: 'SEG0_Pin' undeclared (first use in this function)
   62 |   HAL_GPIO_WritePin(SEG0_GPIO_Port, SEG0_Pin, RESET);
      |                                     ^~~~~~~~
../Core/Src/main.c:63:21: error: 'SEG1_GPIO_Port' undeclared (first use in this function)
   63 |   HAL_GPIO_WritePin(SEG1_GPIO_Port, SEG1_Pin, RESET);
      |                     ^~~~~~~~~~~~~~
../Core/Src/main.c:63:37: error: 'SEG1_Pin' undeclared (first use in this function)
   63 |   HAL_GPIO_WritePin(SEG1_GPIO_Port, SEG1_Pin, RESET);
      |                                     ^~~~~~~~
../Core/Src/main.c:64:21: error: 'SEG2_GPIO_Port' undeclared (first use in this function)
   64 |   HAL_GPIO_WritePin(SEG2_GPIO_Port, SEG2_Pin, RESET);
      |                     ^~~~~~~~~~~~~~
../Core/Src/main.c:64:37: error: 'SEG2_Pin' undeclared (first use in this function)
   64 |   HAL_GPIO_WritePin(SEG2_GPIO_Port, SEG2_Pin, RESET);
      |                                     ^~~~~~~~
../Core/Src/main.c:65:21: error: 'SEG3_GPIO_Port' undeclared (first use in this function)
   65 |   HAL_GPIO_WritePin(SEG3_GPIO_Port, SEG3_Pin, RESET);
      |                     ^~~~~~~~~~~~~~
../Core/Src/main.c:65:37: error: 'SEG3_Pin' undeclared (first use in this function)
   65 |   HAL_GPIO_WritePin(SEG3_GPIO_Port, SEG3_Pin, RESET);
      |                                     ^~~~~~~~
../Core/Src/main.c:66:21: error: 'SEG4_GPIO_Port' undeclared (first use in this function)
   66 |   HAL_GPIO_WritePin(SEG4_GPIO_Port, SEG4_Pin, RESET);
      |                     ^~~~~~~~~~~~~~
../Core/Src/main.c:66:37: error: 'SEG4_Pin' undeclared (first use in this function)
   66 |   HAL_GPIO_WritePin(SEG4_GPIO_Port, SEG4_Pin, RESET);
      |                                     ^~~~~~~~
../Core/Src/main.c:67:21: error: 'SEG5_GPIO_Port' undeclared (first use in this function)
   67 |   HAL_GPIO_WritePin(SEG5_GPIO_Port, SEG5_Pin, RESET);
      |                     ^~~~~~~~~~~~~~
../Core/Src/main.c:67:37: error: 'SEG5_Pin' undeclared (first use in this function)
   67 |   HAL_GPIO_WritePin(SEG5_GPIO_Port, SEG5_Pin, RESET);
      |                                     ^~~~~~~~
../Core/Src/main.c:68:21: error: 'SEG6_GPIO_Port' undeclared (first use in this function)
   68 |   HAL_GPIO_WritePin(SEG6_GPIO_Port, SEG6_Pin, SET);
      |                     ^~~~~~~~~~~~~~
../Core/Src/main.c:68:37: error: 'SEG6_Pin' undeclared (first use in this function)
   68 |   HAL_GPIO_WritePin(SEG6_GPIO_Port, SEG6_Pin, SET);
      |                                     ^~~~~~~~
../Core/Src/main.c: In function 'main':
../Core/Src/main.c:184:3: warning: implicit declaration of function 'HAL_TIM_Base_Start_IT'; did you mean 'HAL_DMA_Start_IT'? [-Wimplicit-function-declaration]
  184 |   HAL_TIM_Base_Start_IT(& htim2);
      |   ^~~~~~~~~~~~~~~~~~~~~
      |   HAL_DMA_Start_IT
../Core/Src/main.c: In function 'MX_TIM2_Init':
../Core/Src/main.c:244:3: error: unknown type name 'TIM_ClockConfigTypeDef'; did you mean 'EXTI_ConfigTypeDef'?
  244 |   TIM_ClockConfigTypeDef sClockSourceConfig = {0};
      |   ^~~~~~~~~~~~~~~~~~~~~~
      |   EXTI_ConfigTypeDef
../Core/Src/main.c:245:3: error: unknown type name 'TIM_MasterConfigTypeDef'
  245 |   TIM_MasterConfigTypeDef sMasterConfig = {0};
      |   ^~~~~~~~~~~~~~~~~~~~~~~
../Core/Src/main.c:250:8: error: request for member 'Instance' in something not a structure or union
  250 |   htim2.Instance = TIM2;
      |        ^
../Core/Src/main.c:251:8: error: request for member 'Init' in something not a structure or union
  251 |   htim2.Init.Prescaler = 7999;
      |        ^
../Core/Src/main.c:252:8: error: request for member 'Init' in something not a structure or union
  252 |   htim2.Init.CounterMode = TIM_COUNTERMODE_UP;
      |        ^
../Core/Src/main.c:252:28: error: 'TIM_COUNTERMODE_UP' undeclared (first use in this function)
  252 |   htim2.Init.CounterMode = TIM_COUNTERMODE_UP;
      |                            ^~~~~~~~~~~~~~~~~~
../Core/Src/main.c:253:8: error: request for member 'Init' in something not a structure or union
  253 |   htim2.Init.Period = 9;
      |        ^
../Core/Src/main.c:254:8: error: request for member 'Init' in something not a structure or union
  254 |   htim2.Init.ClockDivision = TIM_CLOCKDIVISION_DIV1;
      |        ^
../Core/Src/main.c:254:30: error: 'TIM_CLOCKDIVISION_DIV1' undeclared (first use in this function)
  254 |   htim2.Init.ClockDivision = TIM_CLOCKDIVISION_DIV1;
      |                              ^~~~~~~~~~~~~~~~~~~~~~
../Core/Src/main.c:255:8: error: request for member 'Init' in something not a structure or union
  255 |   htim2.Init.AutoReloadPreload = TIM_AUTORELOAD_PRELOAD_DISABLE;
      |        ^
../Core/Src/main.c:255:34: error: 'TIM_AUTORELOAD_PRELOAD_DISABLE' undeclared (first use in this function)
  255 |   htim2.Init.AutoReloadPreload = TIM_AUTORELOAD_PRELOAD_DISABLE;
      |                                  ^~~~~~~~~~~~~~~~~~~~~~~~~~~~~~
../Core/Src/main.c:256:7: warning: implicit declaration of function 'HAL_TIM_Base_Init' [-Wimplicit-function-declaration]
  256 |   if (HAL_TIM_Base_Init(&htim2) != HAL_OK)
      |       ^~~~~~~~~~~~~~~~~
../Core/Src/main.c:260:21: error: request for member 'ClockSource' in something not a structure or union
  260 |   sClockSourceConfig.ClockSource = TIM_CLOCKSOURCE_INTERNAL;
      |                     ^
../Core/Src/main.c:260:36: error: 'TIM_CLOCKSOURCE_INTERNAL' undeclared (first use in this function)
  260 |   sClockSourceConfig.ClockSource = TIM_CLOCKSOURCE_INTERNAL;
      |                                    ^~~~~~~~~~~~~~~~~~~~~~~~
../Core/Src/main.c:261:7: warning: implicit declaration of function 'HAL_TIM_ConfigClockSource' [-Wimplicit-function-declaration]
  261 |   if (HAL_TIM_ConfigClockSource(&htim2, &sClockSourceConfig) != HAL_OK)
      |       ^~~~~~~~~~~~~~~~~~~~~~~~~
../Core/Src/main.c:265:16: error: request for member 'MasterOutputTrigger' in something not a structure or union
  265 |   sMasterConfig.MasterOutputTrigger = TIM_TRGO_RESET;
      |                ^
../Core/Src/main.c:265:39: error: 'TIM_TRGO_RESET' undeclared (first use in this function)
  265 |   sMasterConfig.MasterOutputTrigger = TIM_TRGO_RESET;
      |                                       ^~~~~~~~~~~~~~
../Core/Src/main.c:266:16: error: request for member 'MasterSlaveMode' in something not a structure or union
  266 |   sMasterConfig.MasterSlaveMode = TIM_MASTERSLAVEMODE_DISABLE;
      |                ^
../Core/Src/main.c:266:35: error: 'TIM_MASTERSLAVEMODE_DISABLE' undeclared (first use in this function)
  266 |   sMasterConfig.MasterSlaveMode = TIM_MASTERSLAVEMODE_DISABLE;
      |                                   ^~~~~~~~~~~~~~~~~~~~~~~~~~~
../Core/Src/main.c:267:7: warning: implicit declaration of function 'HAL_TIMEx_MasterConfigSynchronization'; did you mean 'HAL_TIM_SlaveConfigSynchronization'? [-Wimplicit-function-declaration]
  267 |   if (HAL_TIMEx_MasterConfigSynchronization(&htim2, &sMasterConfig) != HAL_OK)
      |       ^~~~~~~~~~~~~~~~~~~~~~~~~~~~~~~~~~~~~
      |       HAL_TIM_SlaveConfigSynchronization
../Core/Src/main.c: In function 'MX_GPIO_Init':
../Core/Src/main.c:291:28: error: 'DOT_Pin' undeclared (first use in this function)
  291 |   HAL_GPIO_WritePin(GPIOA, DOT_Pin|LED_RED_Pin|EN0_Pin|EN1_Pin
      |                            ^~~~~~~
../Core/Src/main.c:291:36: error: 'LED_RED_Pin' undeclared (first use in this function)
  291 |   HAL_GPIO_WritePin(GPIOA, DOT_Pin|LED_RED_Pin|EN0_Pin|EN1_Pin
      |                                    ^~~~~~~~~~~
../Core/Src/main.c:291:48: error: 'EN0_Pin' undeclared (first use in this function)
  291 |   HAL_GPIO_WritePin(GPIOA, DOT_Pin|LED_RED_Pin|EN0_Pin|EN1_Pin
      |                                                ^~~~~~~
../Core/Src/main.c:291:56: error: 'EN1_Pin' undeclared (first use in this function)
  291 |   HAL_GPIO_WritePin(GPIOA, DOT_Pin|LED_RED_Pin|EN0_Pin|EN1_Pin
      |                                                        ^~~~~~~
../Core/Src/main.c:292:28: error: 'EN2_Pin' undeclared (first use in this function)
  292 |                           |EN2_Pin|EN3_Pin, GPIO_PIN_RESET);
      |                            ^~~~~~~
../Core/Src/main.c:292:36: error: 'EN3_Pin' undeclared (first use in this function)
  292 |                           |EN2_Pin|EN3_Pin, GPIO_PIN_RESET);
      |                                    ^~~~~~~
../Core/Src/main.c:295:28: error: 'SEG0_Pin' undeclared (first use in this function)
  295 |   HAL_GPIO_WritePin(GPIOB, SEG0_Pin|SEG1_Pin|SEG2_Pin|SEG3_Pin
      |                            ^~~~~~~~
../Core/Src/main.c:295:37: error: 'SEG1_Pin' undeclared (first use in this function)
  295 |   HAL_GPIO_WritePin(GPIOB, SEG0_Pin|SEG1_Pin|SEG2_Pin|SEG3_Pin
      |                                     ^~~~~~~~
../Core/Src/main.c:295:46: error: 'SEG2_Pin' undeclared (first use in this function)
  295 |   HAL_GPIO_WritePin(GPIOB, SEG0_Pin|SEG1_Pin|SEG2_Pin|SEG3_Pin
      |                                              ^~~~~~~~
../Core/Src/main.c:295:55: error: 'SEG3_Pin' undeclared (first use in this function)
  295 |   HAL_GPIO_WritePin(GPIOB, SEG0_Pin|SEG1_Pin|SEG2_Pin|SEG3_Pin
      |                                                       ^~~~~~~~
../Core/Src/main.c:296:28: error: 'SEG4_Pin' undeclared (first use in this function)
  296 |                           |SEG4_Pin|SEG5_Pin|SEG6_Pin, GPIO_PIN_RESET);
      |                            ^~~~~~~~
../Core/Src/main.c:296:37: error: 'SEG5_Pin' undeclared (first use in this function)
  296 |                           |SEG4_Pin|SEG5_Pin|SEG6_Pin, GPIO_PIN_RESET);
      |                                     ^~~~~~~~
../Core/Src/main.c:296:46: error: 'SEG6_Pin' undeclared (first use in this function)
  296 |                           |SEG4_Pin|SEG5_Pin|SEG6_Pin, GPIO_PIN_RESET);
      |                                              ^~~~~~~~
../Core/Src/main.c: At top level:
../Core/Src/main.c:320:36: error: unknown type name 'TIM_HandleTypeDef'; did you mean 'DMA_HandleTypeDef'?
  320 | void HAL_TIM_PeriodElapsedCallback(TIM_HandleTypeDef *htim) {
      |                                    ^~~~~~~~~~~~~~~~~
      |                                    DMA_HandleTypeDef
make: *** [Core/Src/subdir.mk:34: Core/Src/main.o] Error 1
"make -j8 all" terminated with exit code 2. Build might be incomplete.
21:18:15 **** Incremental Build of configuration Debug for project Bai2 ****
make -j8 all 
arm-none-eabi-gcc "../Drivers/STM32F1xx_HAL_Driver/Src/stm32f1xx_hal.c" -mcpu=cortex-m3 -std=gnu11 -g3 -DDEBUG -DUSE_HAL_DRIVER -DSTM32F103x6 -c -I../Core/Inc -I../Drivers/STM32F1xx_HAL_Driver/Inc/Legacy -I../Drivers/STM32F1xx_HAL_Driver/Inc -I../Drivers/CMSIS/Device/ST/STM32F1xx/Include -I../Drivers/CMSIS/Include -O0 -ffunction-sections -fdata-sections -Wall -fstack-usage -MMD -MP -MF"Drivers/STM32F1xx_HAL_Driver/Src/stm32f1xx_hal.d" -MT"Drivers/STM32F1xx_HAL_Driver/Src/stm32f1xx_hal.o" --specs=nano.specs -mfloat-abi=soft -mthumb -o "Drivers/STM32F1xx_HAL_Driver/Src/stm32f1xx_hal.o"
arm-none-eabi-gcc "../Drivers/STM32F1xx_HAL_Driver/Src/stm32f1xx_hal_cortex.c" -mcpu=cortex-m3 -std=gnu11 -g3 -DDEBUG -DUSE_HAL_DRIVER -DSTM32F103x6 -c -I../Core/Inc -I../Drivers/STM32F1xx_HAL_Driver/Inc/Legacy -I../Drivers/STM32F1xx_HAL_Driver/Inc -I../Drivers/CMSIS/Device/ST/STM32F1xx/Include -I../Drivers/CMSIS/Include -O0 -ffunction-sections -fdata-sections -Wall -fstack-usage -MMD -MP -MF"Drivers/STM32F1xx_HAL_Driver/Src/stm32f1xx_hal_cortex.d" -MT"Drivers/STM32F1xx_HAL_Driver/Src/stm32f1xx_hal_cortex.o" --specs=nano.specs -mfloat-abi=soft -mthumb -o "Drivers/STM32F1xx_HAL_Driver/Src/stm32f1xx_hal_cortex.o"
arm-none-eabi-gcc "../Drivers/STM32F1xx_HAL_Driver/Src/stm32f1xx_hal_dma.c" -mcpu=cortex-m3 -std=gnu11 -g3 -DDEBUG -DUSE_HAL_DRIVER -DSTM32F103x6 -c -I../Core/Inc -I../Drivers/STM32F1xx_HAL_Driver/Inc/Legacy -I../Drivers/STM32F1xx_HAL_Driver/Inc -I../Drivers/CMSIS/Device/ST/STM32F1xx/Include -I../Drivers/CMSIS/Include -O0 -ffunction-sections -fdata-sections -Wall -fstack-usage -MMD -MP -MF"Drivers/STM32F1xx_HAL_Driver/Src/stm32f1xx_hal_dma.d" -MT"Drivers/STM32F1xx_HAL_Driver/Src/stm32f1xx_hal_dma.o" --specs=nano.specs -mfloat-abi=soft -mthumb -o "Drivers/STM32F1xx_HAL_Driver/Src/stm32f1xx_hal_dma.o"
arm-none-eabi-gcc "../Drivers/STM32F1xx_HAL_Driver/Src/stm32f1xx_hal_exti.c" -mcpu=cortex-m3 -std=gnu11 -g3 -DDEBUG -DUSE_HAL_DRIVER -DSTM32F103x6 -c -I../Core/Inc -I../Drivers/STM32F1xx_HAL_Driver/Inc/Legacy -I../Drivers/STM32F1xx_HAL_Driver/Inc -I../Drivers/CMSIS/Device/ST/STM32F1xx/Include -I../Drivers/CMSIS/Include -O0 -ffunction-sections -fdata-sections -Wall -fstack-usage -MMD -MP -MF"Drivers/STM32F1xx_HAL_Driver/Src/stm32f1xx_hal_exti.d" -MT"Drivers/STM32F1xx_HAL_Driver/Src/stm32f1xx_hal_exti.o" --specs=nano.specs -mfloat-abi=soft -mthumb -o "Drivers/STM32F1xx_HAL_Driver/Src/stm32f1xx_hal_exti.o"
arm-none-eabi-gcc "../Drivers/STM32F1xx_HAL_Driver/Src/stm32f1xx_hal_flash.c" -mcpu=cortex-m3 -std=gnu11 -g3 -DDEBUG -DUSE_HAL_DRIVER -DSTM32F103x6 -c -I../Core/Inc -I../Drivers/STM32F1xx_HAL_Driver/Inc/Legacy -I../Drivers/STM32F1xx_HAL_Driver/Inc -I../Drivers/CMSIS/Device/ST/STM32F1xx/Include -I../Drivers/CMSIS/Include -O0 -ffunction-sections -fdata-sections -Wall -fstack-usage -MMD -MP -MF"Drivers/STM32F1xx_HAL_Driver/Src/stm32f1xx_hal_flash.d" -MT"Drivers/STM32F1xx_HAL_Driver/Src/stm32f1xx_hal_flash.o" --specs=nano.specs -mfloat-abi=soft -mthumb -o "Drivers/STM32F1xx_HAL_Driver/Src/stm32f1xx_hal_flash.o"
arm-none-eabi-gcc "../Drivers/STM32F1xx_HAL_Driver/Src/stm32f1xx_hal_flash_ex.c" -mcpu=cortex-m3 -std=gnu11 -g3 -DDEBUG -DUSE_HAL_DRIVER -DSTM32F103x6 -c -I../Core/Inc -I../Drivers/STM32F1xx_HAL_Driver/Inc/Legacy -I../Drivers/STM32F1xx_HAL_Driver/Inc -I../Drivers/CMSIS/Device/ST/STM32F1xx/Include -I../Drivers/CMSIS/Include -O0 -ffunction-sections -fdata-sections -Wall -fstack-usage -MMD -MP -MF"Drivers/STM32F1xx_HAL_Driver/Src/stm32f1xx_hal_flash_ex.d" -MT"Drivers/STM32F1xx_HAL_Driver/Src/stm32f1xx_hal_flash_ex.o" --specs=nano.specs -mfloat-abi=soft -mthumb -o "Drivers/STM32F1xx_HAL_Driver/Src/stm32f1xx_hal_flash_ex.o"
arm-none-eabi-gcc "../Drivers/STM32F1xx_HAL_Driver/Src/stm32f1xx_hal_gpio.c" -mcpu=cortex-m3 -std=gnu11 -g3 -DDEBUG -DUSE_HAL_DRIVER -DSTM32F103x6 -c -I../Core/Inc -I../Drivers/STM32F1xx_HAL_Driver/Inc/Legacy -I../Drivers/STM32F1xx_HAL_Driver/Inc -I../Drivers/CMSIS/Device/ST/STM32F1xx/Include -I../Drivers/CMSIS/Include -O0 -ffunction-sections -fdata-sections -Wall -fstack-usage -MMD -MP -MF"Drivers/STM32F1xx_HAL_Driver/Src/stm32f1xx_hal_gpio.d" -MT"Drivers/STM32F1xx_HAL_Driver/Src/stm32f1xx_hal_gpio.o" --specs=nano.specs -mfloat-abi=soft -mthumb -o "Drivers/STM32F1xx_HAL_Driver/Src/stm32f1xx_hal_gpio.o"
arm-none-eabi-gcc "../Drivers/STM32F1xx_HAL_Driver/Src/stm32f1xx_hal_gpio_ex.c" -mcpu=cortex-m3 -std=gnu11 -g3 -DDEBUG -DUSE_HAL_DRIVER -DSTM32F103x6 -c -I../Core/Inc -I../Drivers/STM32F1xx_HAL_Driver/Inc/Legacy -I../Drivers/STM32F1xx_HAL_Driver/Inc -I../Drivers/CMSIS/Device/ST/STM32F1xx/Include -I../Drivers/CMSIS/Include -O0 -ffunction-sections -fdata-sections -Wall -fstack-usage -MMD -MP -MF"Drivers/STM32F1xx_HAL_Driver/Src/stm32f1xx_hal_gpio_ex.d" -MT"Drivers/STM32F1xx_HAL_Driver/Src/stm32f1xx_hal_gpio_ex.o" --specs=nano.specs -mfloat-abi=soft -mthumb -o "Drivers/STM32F1xx_HAL_Driver/Src/stm32f1xx_hal_gpio_ex.o"
arm-none-eabi-gcc "../Drivers/STM32F1xx_HAL_Driver/Src/stm32f1xx_hal_pwr.c" -mcpu=cortex-m3 -std=gnu11 -g3 -DDEBUG -DUSE_HAL_DRIVER -DSTM32F103x6 -c -I../Core/Inc -I../Drivers/STM32F1xx_HAL_Driver/Inc/Legacy -I../Drivers/STM32F1xx_HAL_Driver/Inc -I../Drivers/CMSIS/Device/ST/STM32F1xx/Include -I../Drivers/CMSIS/Include -O0 -ffunction-sections -fdata-sections -Wall -fstack-usage -MMD -MP -MF"Drivers/STM32F1xx_HAL_Driver/Src/stm32f1xx_hal_pwr.d" -MT"Drivers/STM32F1xx_HAL_Driver/Src/stm32f1xx_hal_pwr.o" --specs=nano.specs -mfloat-abi=soft -mthumb -o "Drivers/STM32F1xx_HAL_Driver/Src/stm32f1xx_hal_pwr.o"
arm-none-eabi-gcc "../Drivers/STM32F1xx_HAL_Driver/Src/stm32f1xx_hal_rcc.c" -mcpu=cortex-m3 -std=gnu11 -g3 -DDEBUG -DUSE_HAL_DRIVER -DSTM32F103x6 -c -I../Core/Inc -I../Drivers/STM32F1xx_HAL_Driver/Inc/Legacy -I../Drivers/STM32F1xx_HAL_Driver/Inc -I../Drivers/CMSIS/Device/ST/STM32F1xx/Include -I../Drivers/CMSIS/Include -O0 -ffunction-sections -fdata-sections -Wall -fstack-usage -MMD -MP -MF"Drivers/STM32F1xx_HAL_Driver/Src/stm32f1xx_hal_rcc.d" -MT"Drivers/STM32F1xx_HAL_Driver/Src/stm32f1xx_hal_rcc.o" --specs=nano.specs -mfloat-abi=soft -mthumb -o "Drivers/STM32F1xx_HAL_Driver/Src/stm32f1xx_hal_rcc.o"
arm-none-eabi-gcc "../Drivers/STM32F1xx_HAL_Driver/Src/stm32f1xx_hal_rcc_ex.c" -mcpu=cortex-m3 -std=gnu11 -g3 -DDEBUG -DUSE_HAL_DRIVER -DSTM32F103x6 -c -I../Core/Inc -I../Drivers/STM32F1xx_HAL_Driver/Inc/Legacy -I../Drivers/STM32F1xx_HAL_Driver/Inc -I../Drivers/CMSIS/Device/ST/STM32F1xx/Include -I../Drivers/CMSIS/Include -O0 -ffunction-sections -fdata-sections -Wall -fstack-usage -MMD -MP -MF"Drivers/STM32F1xx_HAL_Driver/Src/stm32f1xx_hal_rcc_ex.d" -MT"Drivers/STM32F1xx_HAL_Driver/Src/stm32f1xx_hal_rcc_ex.o" --specs=nano.specs -mfloat-abi=soft -mthumb -o "Drivers/STM32F1xx_HAL_Driver/Src/stm32f1xx_hal_rcc_ex.o"
arm-none-eabi-gcc "../Drivers/STM32F1xx_HAL_Driver/Src/stm32f1xx_hal_tim.c" -mcpu=cortex-m3 -std=gnu11 -g3 -DDEBUG -DUSE_HAL_DRIVER -DSTM32F103x6 -c -I../Core/Inc -I../Drivers/STM32F1xx_HAL_Driver/Inc/Legacy -I../Drivers/STM32F1xx_HAL_Driver/Inc -I../Drivers/CMSIS/Device/ST/STM32F1xx/Include -I../Drivers/CMSIS/Include -O0 -ffunction-sections -fdata-sections -Wall -fstack-usage -MMD -MP -MF"Drivers/STM32F1xx_HAL_Driver/Src/stm32f1xx_hal_tim.d" -MT"Drivers/STM32F1xx_HAL_Driver/Src/stm32f1xx_hal_tim.o" --specs=nano.specs -mfloat-abi=soft -mthumb -o "Drivers/STM32F1xx_HAL_Driver/Src/stm32f1xx_hal_tim.o"
arm-none-eabi-gcc "../Drivers/STM32F1xx_HAL_Driver/Src/stm32f1xx_hal_tim_ex.c" -mcpu=cortex-m3 -std=gnu11 -g3 -DDEBUG -DUSE_HAL_DRIVER -DSTM32F103x6 -c -I../Core/Inc -I../Drivers/STM32F1xx_HAL_Driver/Inc/Legacy -I../Drivers/STM32F1xx_HAL_Driver/Inc -I../Drivers/CMSIS/Device/ST/STM32F1xx/Include -I../Drivers/CMSIS/Include -O0 -ffunction-sections -fdata-sections -Wall -fstack-usage -MMD -MP -MF"Drivers/STM32F1xx_HAL_Driver/Src/stm32f1xx_hal_tim_ex.d" -MT"Drivers/STM32F1xx_HAL_Driver/Src/stm32f1xx_hal_tim_ex.o" --specs=nano.specs -mfloat-abi=soft -mthumb -o "Drivers/STM32F1xx_HAL_Driver/Src/stm32f1xx_hal_tim_ex.o"
arm-none-eabi-gcc "../Core/Src/main.c" -mcpu=cortex-m3 -std=gnu11 -g3 -DDEBUG -DUSE_HAL_DRIVER -DSTM32F103x6 -c -I../Core/Inc -I../Drivers/STM32F1xx_HAL_Driver/Inc/Legacy -I../Drivers/STM32F1xx_HAL_Driver/Inc -I../Drivers/CMSIS/Device/ST/STM32F1xx/Include -I../Drivers/CMSIS/Include -O0 -ffunction-sections -fdata-sections -Wall -fstack-usage -MMD -MP -MF"Core/Src/main.d" -MT"Core/Src/main.o" --specs=nano.specs -mfloat-abi=soft -mthumb -o "Core/Src/main.o"
arm-none-eabi-gcc "../Core/Src/stm32f1xx_hal_msp.c" -mcpu=cortex-m3 -std=gnu11 -g3 -DDEBUG -DUSE_HAL_DRIVER -DSTM32F103x6 -c -I../Core/Inc -I../Drivers/STM32F1xx_HAL_Driver/Inc/Legacy -I../Drivers/STM32F1xx_HAL_Driver/Inc -I../Drivers/CMSIS/Device/ST/STM32F1xx/Include -I../Drivers/CMSIS/Include -O0 -ffunction-sections -fdata-sections -Wall -fstack-usage -MMD -MP -MF"Core/Src/stm32f1xx_hal_msp.d" -MT"Core/Src/stm32f1xx_hal_msp.o" --specs=nano.specs -mfloat-abi=soft -mthumb -o "Core/Src/stm32f1xx_hal_msp.o"
arm-none-eabi-gcc "../Core/Src/stm32f1xx_it.c" -mcpu=cortex-m3 -std=gnu11 -g3 -DDEBUG -DUSE_HAL_DRIVER -DSTM32F103x6 -c -I../Core/Inc -I../Drivers/STM32F1xx_HAL_Driver/Inc/Legacy -I../Drivers/STM32F1xx_HAL_Driver/Inc -I../Drivers/CMSIS/Device/ST/STM32F1xx/Include -I../Drivers/CMSIS/Include -O0 -ffunction-sections -fdata-sections -Wall -fstack-usage -MMD -MP -MF"Core/Src/stm32f1xx_it.d" -MT"Core/Src/stm32f1xx_it.o" --specs=nano.specs -mfloat-abi=soft -mthumb -o "Core/Src/stm32f1xx_it.o"
arm-none-eabi-gcc "../Core/Src/system_stm32f1xx.c" -mcpu=cortex-m3 -std=gnu11 -g3 -DDEBUG -DUSE_HAL_DRIVER -DSTM32F103x6 -c -I../Core/Inc -I../Drivers/STM32F1xx_HAL_Driver/Inc/Legacy -I../Drivers/STM32F1xx_HAL_Driver/Inc -I../Drivers/CMSIS/Device/ST/STM32F1xx/Include -I../Drivers/CMSIS/Include -O0 -ffunction-sections -fdata-sections -Wall -fstack-usage -MMD -MP -MF"Core/Src/system_stm32f1xx.d" -MT"Core/Src/system_stm32f1xx.o" --specs=nano.specs -mfloat-abi=soft -mthumb -o "Core/Src/system_stm32f1xx.o"
arm-none-eabi-gcc -o "Bai2.elf" @"objects.list"   -mcpu=cortex-m3 -T"D:\Microcontroller\LAB\LAB2\Bai2\STM\Bai2\STM32F103C6UX_FLASH.ld" --specs=nosys.specs -Wl,-Map="Bai2.map" -Wl,--gc-sections -static --specs=nano.specs -mfloat-abi=soft -mthumb -Wl,--start-group -lc -lm -Wl,--end-group
Finished building target: Bai2.elf
 
arm-none-eabi-size   Bai2.elf 
arm-none-eabi-objdump -h -S  Bai2.elf  > "Bai2.list"
   text	   data	    bss	    dec	    hex	filename
   7956	     24	   1640	   9620	   2594	Bai2.elf
Finished building: default.size.stdout
 
Finished building: Bai2.list
 
21:18:51 **** Incremental Build of configuration Debug for project Bai2 ****
make -j8 all 
arm-none-eabi-gcc -o "Bai2.elf" @"objects.list"   -mcpu=cortex-m3 -T"D:\Microcontroller\LAB\LAB2\Bai2\STM\Bai2\STM32F103C6UX_FLASH.ld" --specs=nosys.specs -Wl,-Map="Bai2.map" -Wl,--gc-sections -static --specs=nano.specs -mfloat-abi=soft -mthumb -Wl,--start-group -lc -lm -Wl,--end-group
Finished building target: Bai2.elf
 
arm-none-eabi-size   Bai2.elf 
arm-none-eabi-objdump -h -S  Bai2.elf  > "Bai2.list"
arm-none-eabi-objcopy  -O ihex  Bai2.elf  "Bai2.hex"
   text	   data	    bss	    dec	    hex	filename
   7956	     24	   1640	   9620	   2594	Bai2.elf
Finished building: default.size.stdout
 
Finished building: Bai2.hex
 
Finished building: Bai2.list
 
21:25:20 **** Incremental Build of configuration Debug for project Bai2 ****
make -j8 all 
arm-none-eabi-gcc "../Core/Src/main.c" -mcpu=cortex-m3 -std=gnu11 -g3 -DDEBUG -DUSE_HAL_DRIVER -DSTM32F103x6 -c -I../Core/Inc -I../Drivers/STM32F1xx_HAL_Driver/Inc/Legacy -I../Drivers/STM32F1xx_HAL_Driver/Inc -I../Drivers/CMSIS/Device/ST/STM32F1xx/Include -I../Drivers/CMSIS/Include -O0 -ffunction-sections -fdata-sections -Wall -fstack-usage -MMD -MP -MF"Core/Src/main.d" -MT"Core/Src/main.o" --specs=nano.specs -mfloat-abi=soft -mthumb -o "Core/Src/main.o"
arm-none-eabi-gcc -o "Bai2.elf" @"objects.list"   -mcpu=cortex-m3 -T"D:\Microcontroller\LAB\LAB2\Bai2\STM\Bai2\STM32F103C6UX_FLASH.ld" --specs=nosys.specs -Wl,-Map="Bai2.map" -Wl,--gc-sections -static --specs=nano.specs -mfloat-abi=soft -mthumb -Wl,--start-group -lc -lm -Wl,--end-group
Finished building target: Bai2.elf
 
arm-none-eabi-size   Bai2.elf 
arm-none-eabi-objdump -h -S  Bai2.elf  > "Bai2.list"
arm-none-eabi-objcopy  -O ihex  Bai2.elf  "Bai2.hex"
   text	   data	    bss	    dec	    hex	filename
   7996	     24	   1640	   9660	   25bc	Bai2.elf
Finished building: default.size.stdout
 
Finished building: Bai2.hex
 
Finished building: Bai2.list
 
