../Core/Src/main.c:62:6:setTimer0	16	static
../Core/Src/main.c:67:6:timer_run	4	static
../Core/Src/main.c:75:6:clearLEDMatrix	8	static
../Core/Src/main.c:86:6:displayLEDMatrix	16	static
../Core/Src/main.c:100:6:updateLEDMatrix	16	static
../Core/Src/main.c:161:5:main	16	static
../Core/Src/main.c:214:6:SystemClock_Config	72	static
../Core/Src/main.c:248:13:MX_TIM2_Init	32	static
../Core/Src/main.c:290:13:MX_GPIO_Init	32	static
../Core/Src/main.c:337:6:HAL_TIM_PeriodElapsedCallback	16	static
../Core/Src/main.c:346:6:Error_Handler	4	static,ignoring_inline_asm
